Archive member included because of file (symbol)

c:/winavr-20100110/bin/../lib/gcc/avr/4.3.3/avr5\libgcc.a(_exit.o)
                              c:/winavr-20100110/bin/../lib/gcc/avr/4.3.3/../../../../avr/lib/avr5/crtm644p.o (exit)
c:/winavr-20100110/bin/../lib/gcc/avr/4.3.3/avr5\libgcc.a(_copy_data.o)
                              main.o (__do_copy_data)
c:/winavr-20100110/bin/../lib/gcc/avr/4.3.3/avr5\libgcc.a(_clear_bss.o)
                              main.o (__do_clear_bss)
c:/winavr-20100110/bin/../lib/gcc/avr/4.3.3/../../../../avr/lib/avr5\libc.a(memcpy.o)
                              main.o (memcpy)
c:/winavr-20100110/bin/../lib/gcc/avr/4.3.3/../../../../avr/lib/avr5\libc.a(printf.o)
                              main.o (printf)
c:/winavr-20100110/bin/../lib/gcc/avr/4.3.3/../../../../avr/lib/avr5\libc.a(vfprintf_std.o)
                              c:/winavr-20100110/bin/../lib/gcc/avr/4.3.3/../../../../avr/lib/avr5\libc.a(printf.o) (vfprintf)
c:/winavr-20100110/bin/../lib/gcc/avr/4.3.3/../../../../avr/lib/avr5\libc.a(strnlen_P.o)
                              c:/winavr-20100110/bin/../lib/gcc/avr/4.3.3/../../../../avr/lib/avr5\libc.a(vfprintf_std.o) (strnlen_P)
c:/winavr-20100110/bin/../lib/gcc/avr/4.3.3/../../../../avr/lib/avr5\libc.a(strnlen.o)
                              c:/winavr-20100110/bin/../lib/gcc/avr/4.3.3/../../../../avr/lib/avr5\libc.a(vfprintf_std.o) (strnlen)
c:/winavr-20100110/bin/../lib/gcc/avr/4.3.3/../../../../avr/lib/avr5\libc.a(fputc.o)
                              c:/winavr-20100110/bin/../lib/gcc/avr/4.3.3/../../../../avr/lib/avr5\libc.a(vfprintf_std.o) (fputc)
c:/winavr-20100110/bin/../lib/gcc/avr/4.3.3/../../../../avr/lib/avr5\libc.a(iob.o)
                              c:/winavr-20100110/bin/../lib/gcc/avr/4.3.3/../../../../avr/lib/avr5\libc.a(printf.o) (__iob)
c:/winavr-20100110/bin/../lib/gcc/avr/4.3.3/../../../../avr/lib/avr5\libc.a(ultoa_invert.o)
                              c:/winavr-20100110/bin/../lib/gcc/avr/4.3.3/../../../../avr/lib/avr5\libc.a(vfprintf_std.o) (__ultoa_invert)
c:/winavr-20100110/bin/../lib/gcc/avr/4.3.3/avr5\libgcc.a(_prologue.o)
                              c:/winavr-20100110/bin/../lib/gcc/avr/4.3.3/../../../../avr/lib/avr5\libc.a(printf.o) (__prologue_saves__)
c:/winavr-20100110/bin/../lib/gcc/avr/4.3.3/avr5\libgcc.a(_epilogue.o)
                              c:/winavr-20100110/bin/../lib/gcc/avr/4.3.3/../../../../avr/lib/avr5\libc.a(printf.o) (__epilogue_restores__)

Allocating common symbols
Common symbol       size              file

__iob               0x6               c:/winavr-20100110/bin/../lib/gcc/avr/4.3.3/../../../../avr/lib/avr5\libc.a(iob.o)

Memory Configuration

Name             Origin             Length             Attributes
text             0x00000000         0x00020000         xr
data             0x00800060         0x0000ffa0         rw !x
eeprom           0x00810000         0x00010000         rw !x
fuse             0x00820000         0x00000400         rw !x
lock             0x00830000         0x00000400         rw !x
signature        0x00840000         0x00000400         rw !x
*default*        0x00000000         0xffffffff

Linker script and memory map

Address of section .data set to 0x800100
LOAD c:/winavr-20100110/bin/../lib/gcc/avr/4.3.3/../../../../avr/lib/avr5/crtm644p.o
LOAD main.o
LOAD rfm12.o
LOAD c:/winavr-20100110/bin/../lib/gcc/avr/4.3.3/avr5\libgcc.a
LOAD c:/winavr-20100110/bin/../lib/gcc/avr/4.3.3/../../../../avr/lib/avr5\libm.a
LOAD c:/winavr-20100110/bin/../lib/gcc/avr/4.3.3/avr5\libgcc.a
LOAD c:/winavr-20100110/bin/../lib/gcc/avr/4.3.3/../../../../avr/lib/avr5\libc.a
LOAD c:/winavr-20100110/bin/../lib/gcc/avr/4.3.3/avr5\libgcc.a

.hash
 *(.hash)

.dynsym
 *(.dynsym)

.dynstr
 *(.dynstr)

.gnu.version
 *(.gnu.version)

.gnu.version_d
 *(.gnu.version_d)

.gnu.version_r
 *(.gnu.version_r)

.rel.init
 *(.rel.init)

.rela.init
 *(.rela.init)

.rel.text
 *(.rel.text)
 *(.rel.text.*)
 *(.rel.gnu.linkonce.t*)

.rela.text
 *(.rela.text)
 *(.rela.text.*)
 *(.rela.gnu.linkonce.t*)

.rel.fini
 *(.rel.fini)

.rela.fini
 *(.rela.fini)

.rel.rodata
 *(.rel.rodata)
 *(.rel.rodata.*)
 *(.rel.gnu.linkonce.r*)

.rela.rodata
 *(.rela.rodata)
 *(.rela.rodata.*)
 *(.rela.gnu.linkonce.r*)

.rel.data
 *(.rel.data)
 *(.rel.data.*)
 *(.rel.gnu.linkonce.d*)

.rela.data
 *(.rela.data)
 *(.rela.data.*)
 *(.rela.gnu.linkonce.d*)

.rel.ctors
 *(.rel.ctors)

.rela.ctors
 *(.rela.ctors)

.rel.dtors
 *(.rel.dtors)

.rela.dtors
 *(.rela.dtors)

.rel.got
 *(.rel.got)

.rela.got
 *(.rela.got)

.rel.bss
 *(.rel.bss)

.rela.bss
 *(.rela.bss)

.rel.plt
 *(.rel.plt)

.rela.plt
 *(.rela.plt)

.text           0x00000000     0x147c
 *(.vectors)
 .vectors       0x00000000       0x7c c:/winavr-20100110/bin/../lib/gcc/avr/4.3.3/../../../../avr/lib/avr5/crtm644p.o
                0x00000000                __vectors
                0x00000000                __vector_default
 *(.vectors)
 *(.progmem.gcc*)
 *(.progmem*)
 .progmem.data  0x0000007c       0x18 rfm12.o
                0x00000094                . = ALIGN (0x2)
                0x00000094                __trampolines_start = .
 *(.trampolines)
 .trampolines   0x00000094        0x0 linker stubs
 *(.trampolines*)
                0x00000094                __trampolines_end = .
 *(.jumptables)
 *(.jumptables*)
 *(.lowtext)
 *(.lowtext*)
                0x00000094                __ctors_start = .
 *(.ctors)
                0x00000094                __ctors_end = .
                0x00000094                __dtors_start = .
 *(.dtors)
                0x00000094                __dtors_end = .
 SORT(*)(.ctors)
 SORT(*)(.dtors)
 *(.init0)
 .init0         0x00000094        0x0 c:/winavr-20100110/bin/../lib/gcc/avr/4.3.3/../../../../avr/lib/avr5/crtm644p.o
                0x00000094                __init
 *(.init0)
 *(.init1)
 *(.init1)
 *(.init2)
 .init2         0x00000094        0xc c:/winavr-20100110/bin/../lib/gcc/avr/4.3.3/../../../../avr/lib/avr5/crtm644p.o
 *(.init2)
 *(.init3)
 *(.init3)
 *(.init4)
 .init4         0x000000a0       0x16 c:/winavr-20100110/bin/../lib/gcc/avr/4.3.3/avr5\libgcc.a(_copy_data.o)
                0x000000a0                __do_copy_data
 .init4         0x000000b6       0x10 c:/winavr-20100110/bin/../lib/gcc/avr/4.3.3/avr5\libgcc.a(_clear_bss.o)
                0x000000b6                __do_clear_bss
 *(.init4)
 *(.init5)
 *(.init5)
 *(.init6)
 *(.init6)
 *(.init7)
 *(.init7)
 *(.init8)
 *(.init8)
 *(.init9)
 .init9         0x000000c6        0x8 c:/winavr-20100110/bin/../lib/gcc/avr/4.3.3/../../../../avr/lib/avr5/crtm644p.o
 *(.init9)
 *(.text)
 .text          0x000000ce        0x4 c:/winavr-20100110/bin/../lib/gcc/avr/4.3.3/../../../../avr/lib/avr5/crtm644p.o
                0x000000ce                __vector_22
                0x000000ce                __vector_28
                0x000000ce                __vector_1
                0x000000ce                __vector_24
                0x000000ce                __vector_12
                0x000000ce                __bad_interrupt
                0x000000ce                __vector_6
                0x000000ce                __vector_23
                0x000000ce                __vector_30
                0x000000ce                __vector_25
                0x000000ce                __vector_11
                0x000000ce                __vector_13
                0x000000ce                __vector_17
                0x000000ce                __vector_19
                0x000000ce                __vector_7
                0x000000ce                __vector_27
                0x000000ce                __vector_5
                0x000000ce                __vector_4
                0x000000ce                __vector_9
                0x000000ce                __vector_2
                0x000000ce                __vector_21
                0x000000ce                __vector_15
                0x000000ce                __vector_29
                0x000000ce                __vector_8
                0x000000ce                __vector_26
                0x000000ce                __vector_14
                0x000000ce                __vector_10
                0x000000ce                __vector_16
                0x000000ce                __vector_18
                0x000000ce                __vector_20
 .text          0x000000d2      0x83e main.o
                0x000003a0                transmit_data(unsigned char*, unsigned char, unsigned char*, unsigned char)
                0x00000190                receive(unsigned char*, unsigned char)
                0x00000118                checksum(unsigned char*, unsigned char, unsigned char)
                0x00000692                main
                0x000000d2                sendAcknowledgement(unsigned char*)
 .text          0x00000910      0x5c4 rfm12.o
                0x00000d42                put_strHex(unsigned char*, unsigned char)
                0x00000c70                rfm12_tick
                0x00000c56                put_str(char*)
                0x0000094c                __vector_3
                0x00000e28                rfm12_tx
                0x00000df6                printByte(unsigned char)
                0x00000b34                rfm12_rx_clear
                0x00000c06                init_uart0()
                0x00000b0c                rfm12_start_tx
                0x00000c46                put_ch(char)
                0x00000c1e                uart0_read()
                0x00000d6c                toCharInHex(unsigned char)
                0x00000b60                rfm12_init
                0x00000c38                get_ch()
 .text          0x00000ed4        0x0 c:/winavr-20100110/bin/../lib/gcc/avr/4.3.3/avr5\libgcc.a(_exit.o)
 .text          0x00000ed4        0x0 c:/winavr-20100110/bin/../lib/gcc/avr/4.3.3/avr5\libgcc.a(_copy_data.o)
 .text          0x00000ed4        0x0 c:/winavr-20100110/bin/../lib/gcc/avr/4.3.3/avr5\libgcc.a(_clear_bss.o)
 .text          0x00000ed4        0x0 c:/winavr-20100110/bin/../lib/gcc/avr/4.3.3/../../../../avr/lib/avr5\libc.a(memcpy.o)
 .text          0x00000ed4        0x0 c:/winavr-20100110/bin/../lib/gcc/avr/4.3.3/../../../../avr/lib/avr5\libc.a(printf.o)
 .text          0x00000ed4        0x0 c:/winavr-20100110/bin/../lib/gcc/avr/4.3.3/../../../../avr/lib/avr5\libc.a(vfprintf_std.o)
 .text          0x00000ed4        0x0 c:/winavr-20100110/bin/../lib/gcc/avr/4.3.3/../../../../avr/lib/avr5\libc.a(strnlen_P.o)
 .text          0x00000ed4        0x0 c:/winavr-20100110/bin/../lib/gcc/avr/4.3.3/../../../../avr/lib/avr5\libc.a(strnlen.o)
 .text          0x00000ed4        0x0 c:/winavr-20100110/bin/../lib/gcc/avr/4.3.3/../../../../avr/lib/avr5\libc.a(fputc.o)
 .text          0x00000ed4        0x0 c:/winavr-20100110/bin/../lib/gcc/avr/4.3.3/../../../../avr/lib/avr5\libc.a(iob.o)
 .text          0x00000ed4        0x0 c:/winavr-20100110/bin/../lib/gcc/avr/4.3.3/../../../../avr/lib/avr5\libc.a(ultoa_invert.o)
 .text          0x00000ed4        0x0 c:/winavr-20100110/bin/../lib/gcc/avr/4.3.3/avr5\libgcc.a(_prologue.o)
 .text          0x00000ed4        0x0 c:/winavr-20100110/bin/../lib/gcc/avr/4.3.3/avr5\libgcc.a(_epilogue.o)
                0x00000ed4                . = ALIGN (0x2)
 *(.text.*)
 .text.libgcc   0x00000ed4        0x0 c:/winavr-20100110/bin/../lib/gcc/avr/4.3.3/avr5\libgcc.a(_exit.o)
 .text.libgcc   0x00000ed4        0x0 c:/winavr-20100110/bin/../lib/gcc/avr/4.3.3/avr5\libgcc.a(_copy_data.o)
 .text.libgcc   0x00000ed4        0x0 c:/winavr-20100110/bin/../lib/gcc/avr/4.3.3/avr5\libgcc.a(_clear_bss.o)
 .text.avr-libc
                0x00000ed4       0x12 c:/winavr-20100110/bin/../lib/gcc/avr/4.3.3/../../../../avr/lib/avr5\libc.a(memcpy.o)
                0x00000ed4                memcpy
 .text.avr-libc
                0x00000ee6       0x2a c:/winavr-20100110/bin/../lib/gcc/avr/4.3.3/../../../../avr/lib/avr5\libc.a(printf.o)
                0x00000ee6                printf
 .text.avr-libc
                0x00000f10      0x3ba c:/winavr-20100110/bin/../lib/gcc/avr/4.3.3/../../../../avr/lib/avr5\libc.a(vfprintf_std.o)
                0x00000f10                vfprintf
 .text.avr-libc
                0x000012ca       0x16 c:/winavr-20100110/bin/../lib/gcc/avr/4.3.3/../../../../avr/lib/avr5\libc.a(strnlen_P.o)
                0x000012ca                strnlen_P
 .text.avr-libc
                0x000012e0       0x16 c:/winavr-20100110/bin/../lib/gcc/avr/4.3.3/../../../../avr/lib/avr5\libc.a(strnlen.o)
                0x000012e0                strnlen
 .text.avr-libc
                0x000012f6       0x58 c:/winavr-20100110/bin/../lib/gcc/avr/4.3.3/../../../../avr/lib/avr5\libc.a(fputc.o)
                0x000012f6                fputc
 .text.avr-libc
                0x0000134e       0xbc c:/winavr-20100110/bin/../lib/gcc/avr/4.3.3/../../../../avr/lib/avr5\libc.a(ultoa_invert.o)
                0x0000134e                __ultoa_invert
 .text.libgcc   0x0000140a       0x38 c:/winavr-20100110/bin/../lib/gcc/avr/4.3.3/avr5\libgcc.a(_prologue.o)
                0x0000140a                __prologue_saves__
 .text.libgcc   0x00001442       0x36 c:/winavr-20100110/bin/../lib/gcc/avr/4.3.3/avr5\libgcc.a(_epilogue.o)
                0x00001442                __epilogue_restores__
                0x00001478                . = ALIGN (0x2)
 *(.fini9)
 .fini9         0x00001478        0x0 c:/winavr-20100110/bin/../lib/gcc/avr/4.3.3/avr5\libgcc.a(_exit.o)
                0x00001478                exit
                0x00001478                _exit
 *(.fini9)
 *(.fini8)
 *(.fini8)
 *(.fini7)
 *(.fini7)
 *(.fini6)
 *(.fini6)
 *(.fini5)
 *(.fini5)
 *(.fini4)
 *(.fini4)
 *(.fini3)
 *(.fini3)
 *(.fini2)
 *(.fini2)
 *(.fini1)
 *(.fini1)
 *(.fini0)
 .fini0         0x00001478        0x4 c:/winavr-20100110/bin/../lib/gcc/avr/4.3.3/avr5\libgcc.a(_exit.o)
 *(.fini0)
                0x0000147c                _etext = .

.data           0x00800100      0x262 load address 0x0000147c
                0x00800100                PROVIDE (__data_start, .)
 *(.data)
 .data          0x00800100        0x0 c:/winavr-20100110/bin/../lib/gcc/avr/4.3.3/../../../../avr/lib/avr5/crtm644p.o
 .data          0x00800100      0x217 main.o
 .data          0x00800317       0x4a rfm12.o
 .data          0x00800361        0x0 c:/winavr-20100110/bin/../lib/gcc/avr/4.3.3/avr5\libgcc.a(_exit.o)
 .data          0x00800361        0x0 c:/winavr-20100110/bin/../lib/gcc/avr/4.3.3/avr5\libgcc.a(_copy_data.o)
 .data          0x00800361        0x0 c:/winavr-20100110/bin/../lib/gcc/avr/4.3.3/avr5\libgcc.a(_clear_bss.o)
 .data          0x00800361        0x0 c:/winavr-20100110/bin/../lib/gcc/avr/4.3.3/../../../../avr/lib/avr5\libc.a(memcpy.o)
 .data          0x00800361        0x0 c:/winavr-20100110/bin/../lib/gcc/avr/4.3.3/../../../../avr/lib/avr5\libc.a(printf.o)
 .data          0x00800361        0x0 c:/winavr-20100110/bin/../lib/gcc/avr/4.3.3/../../../../avr/lib/avr5\libc.a(vfprintf_std.o)
 .data          0x00800361        0x0 c:/winavr-20100110/bin/../lib/gcc/avr/4.3.3/../../../../avr/lib/avr5\libc.a(strnlen_P.o)
 .data          0x00800361        0x0 c:/winavr-20100110/bin/../lib/gcc/avr/4.3.3/../../../../avr/lib/avr5\libc.a(strnlen.o)
 .data          0x00800361        0x0 c:/winavr-20100110/bin/../lib/gcc/avr/4.3.3/../../../../avr/lib/avr5\libc.a(fputc.o)
 .data          0x00800361        0x0 c:/winavr-20100110/bin/../lib/gcc/avr/4.3.3/../../../../avr/lib/avr5\libc.a(iob.o)
 .data          0x00800361        0x0 c:/winavr-20100110/bin/../lib/gcc/avr/4.3.3/../../../../avr/lib/avr5\libc.a(ultoa_invert.o)
 .data          0x00800361        0x0 c:/winavr-20100110/bin/../lib/gcc/avr/4.3.3/avr5\libgcc.a(_prologue.o)
 .data          0x00800361        0x0 c:/winavr-20100110/bin/../lib/gcc/avr/4.3.3/avr5\libgcc.a(_epilogue.o)
 *(.data*)
 *(.rodata)
 *(.rodata*)
 *(.gnu.linkonce.d*)
                0x00800362                . = ALIGN (0x2)
 *fill*         0x00800361        0x1 00
                0x00800362                _edata = .
                0x00800362                PROVIDE (__data_end, .)

.bss            0x00800362      0x1da
                0x00800362                PROVIDE (__bss_start, .)
 *(.bss)
 .bss           0x00800362        0x0 c:/winavr-20100110/bin/../lib/gcc/avr/4.3.3/../../../../avr/lib/avr5/crtm644p.o
 .bss           0x00800362      0x15d main.o
                0x008004bc                isframe
                0x008004bb                countchar
                0x008004b9                dest
                0x008004bd                bufptr
                0x00800363                buffer
                0x008004ba                c
                0x00800447                str_2
                0x00800362                seq
                0x008003d5                str
 .bss           0x008004bf       0x77 rfm12.o
                0x00800526                ctrl
                0x008004e2                rf_rx_buffers
                0x008004bf                rf_tx_buffer
 .bss           0x00800536        0x0 c:/winavr-20100110/bin/../lib/gcc/avr/4.3.3/avr5\libgcc.a(_exit.o)
 .bss           0x00800536        0x0 c:/winavr-20100110/bin/../lib/gcc/avr/4.3.3/avr5\libgcc.a(_copy_data.o)
 .bss           0x00800536        0x0 c:/winavr-20100110/bin/../lib/gcc/avr/4.3.3/avr5\libgcc.a(_clear_bss.o)
 .bss           0x00800536        0x0 c:/winavr-20100110/bin/../lib/gcc/avr/4.3.3/../../../../avr/lib/avr5\libc.a(memcpy.o)
 .bss           0x00800536        0x0 c:/winavr-20100110/bin/../lib/gcc/avr/4.3.3/../../../../avr/lib/avr5\libc.a(printf.o)
 .bss           0x00800536        0x0 c:/winavr-20100110/bin/../lib/gcc/avr/4.3.3/../../../../avr/lib/avr5\libc.a(vfprintf_std.o)
 .bss           0x00800536        0x0 c:/winavr-20100110/bin/../lib/gcc/avr/4.3.3/../../../../avr/lib/avr5\libc.a(strnlen_P.o)
 .bss           0x00800536        0x0 c:/winavr-20100110/bin/../lib/gcc/avr/4.3.3/../../../../avr/lib/avr5\libc.a(strnlen.o)
 .bss           0x00800536        0x0 c:/winavr-20100110/bin/../lib/gcc/avr/4.3.3/../../../../avr/lib/avr5\libc.a(fputc.o)
 .bss           0x00800536        0x0 c:/winavr-20100110/bin/../lib/gcc/avr/4.3.3/../../../../avr/lib/avr5\libc.a(iob.o)
 .bss           0x00800536        0x0 c:/winavr-20100110/bin/../lib/gcc/avr/4.3.3/../../../../avr/lib/avr5\libc.a(ultoa_invert.o)
 .bss           0x00800536        0x0 c:/winavr-20100110/bin/../lib/gcc/avr/4.3.3/avr5\libgcc.a(_prologue.o)
 .bss           0x00800536        0x0 c:/winavr-20100110/bin/../lib/gcc/avr/4.3.3/avr5\libgcc.a(_epilogue.o)
 *(.bss*)
 *(COMMON)
 COMMON         0x00800536        0x6 c:/winavr-20100110/bin/../lib/gcc/avr/4.3.3/../../../../avr/lib/avr5\libc.a(iob.o)
                0x00800536                __iob
                0x0080053c                PROVIDE (__bss_end, .)
                0x0000147c                __data_load_start = LOADADDR (.data)
                0x000016de                __data_load_end = (__data_load_start + SIZEOF (.data))

.noinit         0x0080053c        0x0
                0x0080053c                PROVIDE (__noinit_start, .)
 *(.noinit*)
                0x0080053c                PROVIDE (__noinit_end, .)
                0x0080053c                _end = .
                0x0080053c                PROVIDE (__heap_start, .)

.eeprom         0x00810000        0x0
 *(.eeprom*)
                0x00810000                __eeprom_end = .

.fuse
 *(.fuse)
 *(.lfuse)
 *(.hfuse)
 *(.efuse)

.lock
 *(.lock*)

.signature
 *(.signature*)

.stab
 *(.stab)

.stabstr
 *(.stabstr)

.stab.excl
 *(.stab.excl)

.stab.exclstr
 *(.stab.exclstr)

.stab.index
 *(.stab.index)

.stab.indexstr
 *(.stab.indexstr)

.comment
 *(.comment)

.debug
 *(.debug)

.line
 *(.line)

.debug_srcinfo
 *(.debug_srcinfo)

.debug_sfnames
 *(.debug_sfnames)

.debug_aranges  0x00000000       0x40
 *(.debug_aranges)
 .debug_aranges
                0x00000000       0x20 main.o
 .debug_aranges
                0x00000020       0x20 rfm12.o

.debug_pubnames
                0x00000000      0x1c2
 *(.debug_pubnames)
 .debug_pubnames
                0x00000000       0xb7 main.o
 .debug_pubnames
                0x000000b7      0x10b rfm12.o

.debug_info     0x00000000      0xf35
 *(.debug_info)
 .debug_info    0x00000000      0x84a main.o
 .debug_info    0x0000084a      0x6eb rfm12.o
 *(.gnu.linkonce.wi.*)

.debug_abbrev   0x00000000      0x54e
 *(.debug_abbrev)
 .debug_abbrev  0x00000000      0x23c main.o
 .debug_abbrev  0x0000023c      0x312 rfm12.o

.debug_line     0x00000000      0xdee
 *(.debug_line)
 .debug_line    0x00000000      0x6eb main.o
 .debug_line    0x000006eb      0x703 rfm12.o

.debug_frame    0x00000000      0x170
 *(.debug_frame)
 .debug_frame   0x00000000       0x60 main.o
 .debug_frame   0x00000060      0x110 rfm12.o

.debug_str      0x00000000      0x4e7
 *(.debug_str)
 .debug_str     0x00000000      0x319 main.o
                                0x375 (size before relaxing)
 .debug_str     0x00000319      0x1ce rfm12.o
                                0x396 (size before relaxing)

.debug_loc      0x00000000      0x5f8
 *(.debug_loc)
 .debug_loc     0x00000000      0x396 main.o
 .debug_loc     0x00000396      0x262 rfm12.o

.debug_macinfo
 *(.debug_macinfo)
OUTPUT(rfm12b.elf elf32-avr)
LOAD linker stubs

.debug_ranges   0x00000000       0xf0
 .debug_ranges  0x00000000       0x78 main.o
 .debug_ranges  0x00000078       0x78 rfm12.o
